00:00 +0: loading /Users/temuryoldoshev/myFolder/projects/fast-food-app/waiter_mobile/test/widget_test.dart                                                                                            00:01 +0: loading /Users/temuryoldoshev/myFolder/projects/fast-food-app/waiter_mobile/test/widget_test.dart                                                                                            00:02 +0: loading /Users/temuryoldoshev/myFolder/projects/fast-food-app/waiter_mobile/test/widget_test.dart                                                                                            00:02 +0: Counter increments smoke test                                                                                                                                                                00:02 +0: Counter increments smoke test                                                                                                                                                                
══╡ EXCEPTION CAUGHT BY FLUTTER TEST FRAMEWORK ╞════════════════════════════════════════════════════
The following TestFailure was thrown running a test:
Expected: exactly one matching candidate
  Actual: _TextWidgetFinder:<Found 0 widgets with text "0": []>
   Which: means none were found but one was expected

When the exception was thrown, this was the stack:
#4      main.<anonymous closure> (file:///Users/temuryoldoshev/myFolder/projects/fast-food-app/waiter_mobile/test/widget_test.dart:18:5)
#5      testWidgets.<anonymous closure>.<anonymous closure> (package:flutter_test/src/widget_tester.dart:192:29)
<asynchronous suspension>
#6      TestWidgetsFlutterBinding._runTestBody (package:flutter_test/src/binding.dart:1059:5)
<asynchronous suspension>
<asynchronous suspension>
(elided one frame from package:stack_trace)

This was caught by the test expectation on the following line:
  file:///Users/temuryoldoshev/myFolder/projects/fast-food-app/waiter_mobile/test/widget_test.dart line 18
The test description was:
  Counter increments smoke test
════════════════════════════════════════════════════════════════════════════════════════════════════
00:02 +0 -1: Counter increments smoke test [E]                                                                                                                                                         
  Test failed. See exception logs above.
  The test description was: Counter increments smoke test
  

To run this test again: /Users/temuryoldoshev/development/flutter/bin/cache/dart-sdk/bin/dart test /Users/temuryoldoshev/myFolder/projects/fast-food-app/waiter_mobile/test/widget_test.dart -p vm --plain-name 'Counter increments smoke test'
00:02 +0 -1: Some tests failed.                                                                                                                                                                        
